2025-09-07 20:47:17,717 - dockermcp.logging_config - INFO - Warning: Failed to import tools from containers: cannot import name 'run_docker_command' from 'dockermcp.tools.containers.container_utils' (D:\Dev\repos\dockermcp\src\dockermcp\tools\containers\container_utils.py)
Traceback (most recent call last):
  File "<string>", line 1, in <module>
    import sys; sys.path.append('d:/Dev/repos/dockermcp'); from dockermcp.tools.containers.container_tools import *; print('Container tools imported successfully')
                                                           ^^^^^^^^^^^^^^^^^^^^^^^^^^^^^^^^^^^^^^^^^^^^^^^^^^^^^^^^
  File "D:\Dev\repos\dockermcp\src\dockermcp\__init__.py", line 80, in <module>
    register_tools()
    ~~~~~~~~~~~~~~^^
  File "D:\Dev\repos\dockermcp\src\dockermcp\__init__.py", line 70, in register_tools
    from .tools import containers, images, networks, volumes, system
  File "D:\Dev\repos\dockermcp\src\dockermcp\tools\__init__.py", line 65, in <module>
    discover_and_register_tools()
    ~~~~~~~~~~~~~~~~~~~~~~~~~~~^^
  File "D:\Dev\repos\dockermcp\src\dockermcp\tools\__init__.py", line 50, in discover_and_register_tools
    module = importlib.import_module(f".{module_name}", package=__name__)
  File "C:\Users\sandr\AppData\Local\Programs\Python\Python313\Lib\importlib\__init__.py", line 88, in import_module
    return _bootstrap._gcd_import(name[level:], package, level)
           ~~~~~~~~~~~~~~~~~~~~~~^^^^^^^^^^^^^^^^^^^^^^^^^^^^^^
  File "D:\Dev\repos\dockermcp\src\dockermcp\tools\images\__init__.py", line 28, in <module>
    from .image_tools import (
    ...<13 lines>...
    )
  File "D:\Dev\repos\dockermcp\src\dockermcp\tools\images\image_tools.py", line 62, in <module>
    @Tool(
     ~~~~^
        name='list_images',
        ^^^^^^^^^^^^^^^^^^^
    ...<31 lines>...
        }
        ^
    )
    ^
  File "C:\Users\sandr\AppData\Local\Programs\Python\Python313\Lib\site-packages\fastmcp\utilities\components.py", line 57, in __init__
    super().__init__(**kwargs)
    ~~~~~~~~~~~~~~~~^^^^^^^^^^
  File "C:\Users\sandr\AppData\Local\Programs\Python\Python313\Lib\site-packages\pydantic\main.py", line 253, in __init__
    validated_self = self.__pydantic_validator__.validate_python(data, self_instance=self)
pydantic_core._pydantic_core.ValidationError: 1 validation error for Tool
returns
  Extra inputs are not permitted [type=extra_forbidden, input_value={'type': 'object', 'prope... 'total_size', 'total']}, input_type=dict]
    For further information visit https://errors.pydantic.dev/2.11/v/extra_forbidden
