D:\Dev\repos\dockermcp\test_logging.py:47: DeprecationWarning: datetime.datetime.utcnow() is deprecated and scheduled for removal in a future version. Use timezone-aware objects to represent datetimes in UTC: datetime.datetime.now(datetime.UTC).
  'timestamp': datetime.utcnow().isoformat() + 'Z',
{"timestamp": "2025-09-11T21:54:52.064315Z", "level": "debug", "name": "test_logger", "message": "This is a debug message", "pid": 55092, "thread": 74732, "module": "test_logging", "function": "test_json_logging", "line": 153, "environment": "test", "hostname": "test-host", "taskName": null}
{"timestamp": "2025-09-11T21:54:52.064555Z", "level": "info", "name": "test_logger", "message": "This is an info message", "pid": 55092, "thread": 74732, "module": "test_logging", "function": "test_json_logging", "line": 154, "environment": "test", "hostname": "test-host", "taskName": null}
{"timestamp": "2025-09-11T21:54:52.064679Z", "level": "warning", "name": "test_logger", "message": "This is a warning message", "pid": 55092, "thread": 74732, "module": "test_logging", "function": "test_json_logging", "line": 155, "environment": "test", "hostname": "test-host", "taskName": null}
{"timestamp": "2025-09-11T21:54:52.066309Z", "level": "error", "name": "test_logger", "message": "This is an error message", "pid": 55092, "thread": 74732, "module": "test_logging", "function": "test_json_logging", "line": 156, "environment": "test", "hostname": "test-host", "taskName": null}
{"timestamp": "2025-09-11T21:54:52.066409Z", "level": "critical", "name": "test_logger", "message": "This is a critical message", "pid": 55092, "thread": 74732, "module": "test_logging", "function": "test_json_logging", "line": 157, "environment": "test", "hostname": "test-host", "taskName": null}
{"timestamp": "2025-09-11T21:54:52.066492Z", "level": "info", "name": "test_logger", "message": "User logged in", "pid": 55092, "thread": 74732, "module": "test_logging", "function": "test_json_logging", "line": 160, "environment": "test", "hostname": "test-host", "taskName": null, "user_id": 123, "ip": "192.168.1.1"}
{"timestamp": "2025-09-11T21:54:52.066621Z", "level": "info", "name": "test_logger", "message": "Processing request with context", "pid": 55092, "thread": 74732, "module": "test_logging", "function": "test_json_logging", "line": 168, "environment": "test", "hostname": "test-host", "correlation_id": "72257f41-2de4-43d0-8e99-0433f470aa66", "request_id": "66188021-daba-4760-99e4-91aaac250d44", "taskName": null}
{"timestamp": "2025-09-11T21:54:52.066720Z", "level": "error", "name": "test_logger", "message": "An error occurred", "pid": 55092, "thread": 74732, "module": "test_logging", "function": "test_json_logging", "line": 174, "environment": "test", "hostname": "test-host", "exception": "Traceback (most recent call last):\n  File \"D:\\Dev\\repos\\dockermcp\\test_logging.py\", line 172, in test_json_logging\n    1 / 0\n    ~~^~~\nZeroDivisionError: division by zero", "taskName": null}
D:\Dev\repos\dockermcp\test_logging.py:180: DeprecationWarning: datetime.datetime.utcnow() is deprecated and scheduled for removal in a future version. Use timezone-aware objects to represent datetimes in UTC: datetime.datetime.now(datetime.UTC).
  "timestamp": datetime.utcnow().isoformat()
{"timestamp": "2025-09-11T21:54:52.069919Z", "level": "info", "name": "test_logger", "message": "Complex data example", "pid": 55092, "thread": 74732, "module": "test_logging", "function": "test_json_logging", "line": 182, "environment": "test", "hostname": "test-host", "taskName": null, "data": {"nested": {"key": "value"}, "list": [1, 2, 3], "timestamp": "2025-09-11T21:54:52.069889"}}
{"timestamp": "2025-09-11T21:54:52.070028Z", "level": "critical", "name": "test_logger", "message": "This is a critical message", "pid": 55092, "thread": 74732, "module": "test_logging", "function": "test_json_logging", "line": 184, "environment": "test", "hostname": "test-host", "taskName": null, "key5": true}
Testing JSON logging... (check stderr for JSON output)
Test complete. Check the output above for JSON-formatted logs.
Log file created at: logs/test_json.log
